Vivado Simulator 2019.1
Time resolution is 1 ps
WARNING: Too many words specified in data file lut.txt
WARNING: Too many words specified in data file lut.txt
cycle     0     Xxxxxxxx         
cycle     1                      
cycle     2 rst                  
cycle     3 rst 00000000         
cycle     4              00000001
cycle     5     00000001         
cycle     6     00000002         
cycle     7     00000003         
cycle     8     00000004         
cycle     9     00000005         
cycle    10     00000006         
cycle    11     00000007         
cycle    12     00000008 00000004
cycle    13     00000009         
cycle    14     0000000a         
cycle    15     0000000b         
cycle    16     00000007         
cycle    17     00000008 00000014
cycle    18     00000009         
cycle    19     0000000a         
cycle    20     0000000b         
cycle    21     00000007         
cycle    22     00000008 00000078
cycle    23     00000009         
cycle    24     0000000a         
cycle    25     0000000b         
cycle    26     00000007         
cycle    27     00000008 00000348
cycle    28     00000009         
cycle    29     0000000a         
cycle    30     0000000b         
cycle    31     00000007         
cycle    32     00000008 00001a40
cycle    33     00000009         
cycle    34     0000000a         
cycle    35     0000000b         
cycle    36     00000007         
cycle    37     00000008 0000ec40
cycle    38     00000009         
cycle    39     0000000a         
cycle    40     0000000b         
cycle    41     00000007         
cycle    42     00000008 00093a80
cycle    43     00000009         
cycle    44     0000000a         
cycle    45     0000000b         
cycle    46     00000007         
cycle    47     00000008 00658380
cycle    48     00000009         
cycle    49     0000000a         
cycle    50     0000000b         
cycle    51     00000007         
cycle    52     00000008 04c22a00
cycle    53     00000009         
cycle    54     0000000a         
cycle    55     0000000b         
cycle    56     00000007         
cycle    57     00000008 3ddc2200
cycle    58     00000009         
cycle    59     0000000a         
cycle    60     0000000b         
cycle    61     00000007         
cycle    62     00000008 6209dc00
cycle    63     00000009         
cycle    64     0000000a         
cycle    65     0000000b         
cycle    66     00000007         
cycle    67     00000008 be93e400
cycle    68     00000009         
cycle    69     0000000a         
cycle    70     0000000b         
cycle    71     00000007         
cycle    72     00000008 e93e4000
cycle    73     00000009         
cycle    74     0000000a         
cycle    75     0000000b         
cycle    76     00000007         
cycle    77     00000008 7d224000
cycle    78     00000009         
cycle    79     0000000a         
cycle    80     0000000b         
cycle    81     00000007         
cycle    82     00000008 cc688000
cycle    83     00000009         
cycle    84     0000000a         
cycle    85     0000000b         
cycle    86     00000007         
cycle    87     00000008 2bc18000
cycle    88     00000009         
cycle    89     0000000a         
cycle    90     0000000b         
cycle    91     00000007         
cycle    92     00000008 6b1e0000
cycle    93     00000009         
cycle    94     0000000a         
cycle    95     0000000b         
cycle    96     00000007         
cycle    97     00000008 c9760000
cycle    98     00000009         
cycle    99     0000000a         
